<html>
<body>
<pre>
<h1>礦ision Build Log</h1>
<h2>Tool Versions:</h2>
IDE-Version: μVision V5.14.0.0
Copyright (C) 2015 ARM Ltd and ARM Germany GmbH. All rights reserved.
License Information: lhf lhf, lhf, LIC=HF8RA-1T39E-YB4E9-4SY2G-WPZ1X-5UZUS
 
Tool Versions:
Toolchain:       MDK-ARM Professional  Version: 5.14.0.0
Toolchain Path:  d:\Keil_v5\ARM\ARMCC\Bin
C Compiler:      Armcc.exe V5.05 update 1 (build 106)
Assembler:       Armasm.exe V5.05 update 1 (build 106)
Linker/Locator:  ArmLink.exe V5.05 update 1 (build 106)
Library Manager: ArmAr.exe V5.05 update 1 (build 106)
Hex Converter:   FromElf.exe V5.05 update 1 (build 106)
CPU DLL:         SARMCM3.DLL V5.14.0.0
Dialog DLL:      DARMSTM.DLL V1.65.0.0
Target DLL:      STLink\ST-LINKIII-KEIL_SWO.dll V2.0.14.0_KEIL
Dialog DLL:      TARMSTM.DLL V1.64.0.0
 
<h2>Project:</h2>
C:\Users\Administrator\Desktop\二值化 摄像头实验\USER\OV7670.uvprojx
Project File Date:  08/15/2017

<h2>Output:</h2>
Rebuild target 'OV7670'
compiling main.c...
main.c(41): warning:  #177-D: variable "x" was declared but never referenced
        u8 x,y;
main.c(41): warning:  #177-D: variable "y" was declared but never referenced
        u8 x,y;
main.c(51): warning:  #177-D: variable "x" was declared but never referenced
        u16 x,y;
main.c(51): warning:  #177-D: variable "y" was declared but never referenced
        u16 x,y;
main.c(147): warning:  #550-D: variable "i" was set but never used
        u32 j,i;
main.c(148): warning:  #177-D: variable "COLOR" was declared but never referenced
        u16 COLOR[76800];
main.c(211): warning:  #177-D: variable "key" was declared but never referenced
        u8 key;
main.c: 7 warnings, 0 errors
compiling stm32f10x_it.c...
compiling system_stm32f10x.c...
compiling led.c...
compiling key.c...
compiling lcd.c...
compiling tpad.c...
compiling exti.c...
compiling timer.c...
compiling ov7670.c...
compiling sccb.c...
compiling delay.c...
compiling sys.c...
compiling usart.c...
compiling core_cm3.c...
assembling startup_stm32f10x_hd.s...
compiling misc.c...
compiling stm32f10x_fsmc.c...
compiling stm32f10x_gpio.c...
compiling stm32f10x_rcc.c...
compiling stm32f10x_usart.c...
compiling stm32f10x_exti.c...
compiling stm32f10x_tim.c...
compiling usmart.c...
compiling usmart_config.c...
compiling usmart_str.c...
linking...
Program Size: Code=25808 RO-data=7076 RW-data=388 ZI-data=1340  
FromELF: creating hex file...
"..\OBJ\OV7670.axf" - 0 Error(s), 7 Warning(s).

<h2>Collection of Component include folders:</h2>
  C:\Users\Administrator\Desktop\二值化 摄像头实验\USER\RTE
  d:\Keil_v5\ARM\PACK\Keil\STM32F1xx_DFP\1.0.5\Device\Include

<h2>Collection of Component Files used:</h2>
</pre>
</body>
</html>
